16:57:26 **** Auto Build of configuration Debug for project DataHub ****
make all 
'Building file: ../src/Main.cpp'
'Invoking: MicroBlaze g++ compiler'
mb-g++ -Wall -O0 -g3 -c -fmessage-length=0 -MT"src/Main.o" -I../../DataHub_bsp/microblaze_0/include -mlittle-endian -mcpu=v10.0 -mxl-soft-mul -Wl,--no-relax -ffunction-sections -fdata-sections -MMD -MP -MF"src/Main.d" -MT"src/Main.o" -o "src/Main.o" "../src/Main.cpp"
In file included from ../../DataHub_bsp/microblaze_0/include/DEIPcK/utility/fpga/../../../MRF24G/utility/ud_inc/internal/wf_global_includes.h:44:0,
                 from ../../DataHub_bsp/microblaze_0/include/DEIPcK/utility/fpga/System.h:64,
                 from ../../DataHub_bsp/microblaze_0/include/DEIPcK/utility/System.h:54,
                 from ../../DataHub_bsp/microblaze_0/include/DEIPcK/utility/deIP.h:59,
                 from ../../DataHub_bsp/microblaze_0/include/DEIPcK/DEIPcK.h:64,
                 from ../../DataHub_bsp/microblaze_0/include/PmodWIFI.h:2,
                 from ../src/Main.cpp:1:
../../DataHub_bsp/microblaze_0/include/DEIPcK/utility/fpga/../../../MRF24G/utility/ud_inc/internal/../../wf_customize.h:50:0: warning: "INLINE" redefined
 #define INLINE
 
In file included from ../../DataHub_bsp/microblaze_0/include/DEIPcK/utility/fpga/System.h:62:0,
                 from ../../DataHub_bsp/microblaze_0/include/DEIPcK/utility/System.h:54,
                 from ../../DataHub_bsp/microblaze_0/include/DEIPcK/utility/deIP.h:59,
                 from ../../DataHub_bsp/microblaze_0/include/DEIPcK/DEIPcK.h:64,
                 from ../../DataHub_bsp/microblaze_0/include/PmodWIFI.h:2,
                 from ../src/Main.cpp:1:
../../DataHub_bsp/microblaze_0/include/xil_io.h:99:0: note: this is the location of the previous definition
 #define INLINE inline
 
In file included from ../src/Messages.h:5:0,
                 from ../src/WiFi.h:4,
                 from ../src/Main.cpp:2:
../src/Config.h:122:20: warning: 'SSID' defined but not used [-Wunused-variable]
 static const char* SSID = "ECE568";
                    ^~~~
'Finished building: ../src/Main.cpp'
' '
'Building file: ../src/Messages.cpp'
'Invoking: MicroBlaze g++ compiler'
mb-g++ -Wall -O0 -g3 -c -fmessage-length=0 -MT"src/Messages.o" -I../../DataHub_bsp/microblaze_0/include -mlittle-endian -mcpu=v10.0 -mxl-soft-mul -Wl,--no-relax -ffunction-sections -fdata-sections -MMD -MP -MF"src/Messages.d" -MT"src/Messages.o" -o "src/Messages.o" "../src/Messages.cpp"
In file included from ../src/Messages.h:5:0,
                 from ../src/Messages.cpp:1:
../src/Config.h:126:20: warning: 'HUB_IP' defined but not used [-Wunused-variable]
 static const char* HUB_IP = "192.168.100.50";
                    ^~~~~~
../src/Config.h:122:20: warning: 'SSID' defined but not used [-Wunused-variable]
 static const char* SSID = "ECE568";
                    ^~~~
'Finished building: ../src/Messages.cpp'
' '
'Building file: ../src/WiFi.cpp'
'Invoking: MicroBlaze g++ compiler'
mb-g++ -Wall -O0 -g3 -c -fmessage-length=0 -MT"src/WiFi.o" -I../../DataHub_bsp/microblaze_0/include -mlittle-endian -mcpu=v10.0 -mxl-soft-mul -Wl,--no-relax -ffunction-sections -fdata-sections -MMD -MP -MF"src/WiFi.d" -MT"src/WiFi.o" -o "src/WiFi.o" "../src/WiFi.cpp"
In file included from ../src/../../DataHub_bsp/microblaze_0/include/DEIPcK/utility/fpga/../../../MRF24G/utility/ud_inc/internal/wf_global_includes.h:44:0,
                 from ../src/../../DataHub_bsp/microblaze_0/include/DEIPcK/utility/fpga/System.h:64,
                 from ../src/../../DataHub_bsp/microblaze_0/include/DEIPcK/utility/System.h:54,
                 from ../src/../../DataHub_bsp/microblaze_0/include/DEIPcK/utility/deIP.h:59,
                 from ../src/../../DataHub_bsp/microblaze_0/include/DEIPcK/DEIPcK.h:64,
                 from ../src/WiFi.cpp:8:
../src/../../DataHub_bsp/microblaze_0/include/DEIPcK/utility/fpga/../../../MRF24G/utility/ud_inc/internal/../../wf_customize.h:50:0: warning: "INLINE" redefined
 #define INLINE
 
In file included from ../src/../../DataHub_bsp/microblaze_0/include/DEIPcK/utility/fpga/System.h:62:0,
                 from ../src/../../DataHub_bsp/microblaze_0/include/DEIPcK/utility/System.h:54,
                 from ../src/../../DataHub_bsp/microblaze_0/include/DEIPcK/utility/deIP.h:59,
                 from ../src/../../DataHub_bsp/microblaze_0/include/DEIPcK/DEIPcK.h:64,
                 from ../src/WiFi.cpp:8:
../../DataHub_bsp/microblaze_0/include/xil_io.h:99:0: note: this is the location of the previous definition
 #define INLINE inline
 
../src/WiFi.cpp: In function 'bool RegisterSensors(uint32_t*)':
../src/WiFi.cpp:203:10: warning: unused variable 'regAckMsg' [-Wunused-variable]
  Message regAckMsg;
          ^~~~~~~~~
../src/WiFi.cpp: In function 'bool CheckForSystemHealthMsg(Message*)':
../src/WiFi.cpp:268:1: warning: no return statement in function returning non-void [-Wreturn-type]
 }
 ^
../src/WiFi.cpp: In function 'bool SubToSensor(Message*)':
../src/WiFi.cpp:280:1: warning: no return statement in function returning non-void [-Wreturn-type]
 }
 ^
../src/WiFi.cpp: In function 'bool ReportEmergency(Message*)':
../src/WiFi.cpp:292:1: warning: no return statement in function returning non-void [-Wreturn-type]
 }
 ^
../src/WiFi.cpp: In function 'bool SendMessage(Message*, uint32_t*)':
../src/WiFi.cpp:302:10: warning: variable 'writeReturn' set but not used [-Wunused-but-set-variable]
  uint8_t writeReturn;
          ^~~~~~~~~~~
'Finished building: ../src/WiFi.cpp'
' '
'Building target: DataHub.elf'
'Invoking: MicroBlaze g++ linker'
mb-g++ -Wl,-T -Wl,../src/lscript.ld -L../../DataHub_bsp/microblaze_0/lib -mlittle-endian -mcpu=v10.0 -mxl-soft-mul -Wl,--no-relax -Wl,--gc-sections -o "DataHub.elf"  ./src/Main.o ./src/Messages.o ./src/WiFi.o   -Wl,--start-group,-lxil,-lgcc,-lc,-lstdc++,--end-group
'Finished building target: DataHub.elf'
' '
'Invoking: MicroBlaze Print Size'
mb-size DataHub.elf  |tee "DataHub.elf.size"
   text	   data	    bss	    dec	    hex	filename
 338872	   1876	  21140	 361888	  585a0	DataHub.elf
'Finished building: DataHub.elf.size'
' '

16:57:28 Build Finished (took 2s.260ms)

